No image loaded
No image loaded
No image loaded
No image loaded
Loaded input/b.ppm
Rotated 180
Saved output/ci_s_1.ppm
Loaded input/b.pgm
Selected 0 0 100 100
Invalid command
Invalid command
Image cropped
Saved output/ci_s_2.ppm
Selected 0 0 100 99
Image cropped
Saved output/ci_s_3.ppm
Selected ALL
Invalid command
Rotated 180
Saved output/ci_s_4.ppm
